2026-02-24 09:46:31 [INFO] Iniciando aplicação...
- - - - - - - - - - - - - - - - - - - - - - - -
2026-02-24 09:46:31 [INFO] Aplicação finalizada
- - - - - - - - - - - - - - - - - - - - - - - -
2026-02-24 09:46:56 [INFO] Iniciando aplicação...
- - - - - - - - - - - - - - - - - - - - - - - -
2026-02-24 09:46:56 [INFO] Aplicação finalizada
- - - - - - - - - - - - - - - - - - - - - - - -
2026-02-24 09:47:13 [INFO] Iniciando aplicação...
- - - - - - - - - - - - - - - - - - - - - - - -
2026-02-24 09:47:13 [INFO] Aplicação finalizada
- - - - - - - - - - - - - - - - - - - - - - - -
2026-02-24 09:49:10 [INFO] Iniciando aplicação...
- - - - - - - - - - - - - - - - - - - - - - - -
2026-02-24 09:49:10 [INFO] Aplicação finalizada
- - - - - - - - - - - - - - - - - - - - - - - -
2026-02-24 09:49:42 [INFO] Iniciando aplicação...
- - - - - - - - - - - - - - - - - - - - - - - -
2026-02-24 09:49:42 [INFO] Aplicação finalizada
- - - - - - - - - - - - - - - - - - - - - - - -
2026-02-24 09:51:57 [INFO] Iniciando aplicação...
- - - - - - - - - - - - - - - - - - - - - - - -
2026-02-24 09:51:57 [INFO] Realizando leitura da ini (Configurações da API): 
- - - - - - - - - - - - - - - - - - - - - - - -
2026-02-24 09:51:57 [INFO] Aplicação iniciada
- - - - - - - - - - - - - - - - - - - - - - - -
2026-02-24 09:51:57 [INFO] Status do monitoramento: Parado
- - - - - - - - - - - - - - - - - - - - - - - -
2026-02-24 09:52:12 [INFO] Realizando leitura da ini (Configurações da API): 
- - - - - - - - - - - - - - - - - - - - - - - -
2026-02-24 09:52:18 [INFO] Status do monitoramento: Ativo
- - - - - - - - - - - - - - - - - - - - - - - -
2026-02-24 10:06:53 [INFO] Status do monitoramento: Parado
- - - - - - - - - - - - - - - - - - - - - - - -
2026-02-24 10:06:54 [INFO] Status do monitoramento: Ativo
- - - - - - - - - - - - - - - - - - - - - - - -
2026-02-24 10:07:02 [INFO] Status do monitoramento: Parado
- - - - - - - - - - - - - - - - - - - - - - - -
2026-02-24 10:07:05 [INFO] Status do monitoramento: Ativo
- - - - - - - - - - - - - - - - - - - - - - - -
2026-02-24 10:07:55 [INFO] Realizando leitura da ini (Configurações da API): 
- - - - - - - - - - - - - - - - - - - - - - - -
2026-02-24 10:07:58 [INFO] Chamado aberto enviado para API: FirebirdGuardianDefaultInstance
- - - - - - - - - - - - - - - - - - - - - - - -
2026-02-24 10:07:58 [INFO] Chamado aberto para serviço parado: FirebirdGuardianDefaultInstance
- - - - - - - - - - - - - - - - - - - - - - - -
2026-02-24 10:08:50 [INFO] Status do monitoramento: Parado
- - - - - - - - - - - - - - - - - - - - - - - -
2026-02-24 10:08:51 [INFO] Realizando leitura da ini (Configurações da API): 
- - - - - - - - - - - - - - - - - - - - - - - -
2026-02-24 10:08:53 [INFO] Realizando alteração da INI (Configurações da API): 
- - - - - - - - - - - - - - - - - - - - - - - -
2026-02-24 10:08:54 [INFO] Realizando leitura da ini (Configurações da API): 
- - - - - - - - - - - - - - - - - - - - - - - -
2026-02-24 10:08:57 [INFO] Status do monitoramento: Ativo
- - - - - - - - - - - - - - - - - - - - - - - -
2026-02-24 10:09:17 [INFO] Realizando leitura da ini (Configurações da API): 
- - - - - - - - - - - - - - - - - - - - - - - -
2026-02-24 10:09:19 [INFO] Chamado aberto enviado para API: FirebirdGuardianDefaultInstance
- - - - - - - - - - - - - - - - - - - - - - - -
2026-02-24 10:09:19 [INFO] Chamado aberto para serviço parado: FirebirdGuardianDefaultInstance
- - - - - - - - - - - - - - - - - - - - - - - -
2026-02-24 10:09:57 [INFO] Realizando leitura da ini (Configurações da API): 
- - - - - - - - - - - - - - - - - - - - - - - -
2026-02-24 10:09:58 [INFO] Chamado encerrado enviado para API: FirebirdGuardianDefaultInstance
- - - - - - - - - - - - - - - - - - - - - - - -
2026-02-24 10:10:00 [INFO] Chamado encerrado para serviço normalizado: FirebirdGuardianDefaultInstance
- - - - - - - - - - - - - - - - - - - - - - - -
2026-02-24 10:10:09 [INFO] Status do monitoramento: Parado
- - - - - - - - - - - - - - - - - - - - - - - -
2026-02-24 10:10:11 [INFO] Aplicação finalizada
- - - - - - - - - - - - - - - - - - - - - - - -
2026-02-24 10:13:36 [INFO] Iniciando aplicação...
- - - - - - - - - - - - - - - - - - - - - - - -
2026-02-24 10:13:36 [INFO] Aplicação finalizada
- - - - - - - - - - - - - - - - - - - - - - - -
2026-02-24 10:14:08 [INFO] Iniciando aplicação...
- - - - - - - - - - - - - - - - - - - - - - - -
2026-02-24 10:14:08 [INFO] Aplicação finalizada
- - - - - - - - - - - - - - - - - - - - - - - -
2026-02-24 10:14:26 [INFO] Iniciando aplicação...
- - - - - - - - - - - - - - - - - - - - - - - -
2026-02-24 10:14:26 [INFO] Aplicação finalizada
- - - - - - - - - - - - - - - - - - - - - - - -
2026-02-24 10:14:48 [INFO] Iniciando aplicação...
- - - - - - - - - - - - - - - - - - - - - - - -
2026-02-24 10:14:48 [INFO] Aplicação finalizada
- - - - - - - - - - - - - - - - - - - - - - - -
2026-02-24 10:15:04 [INFO] Iniciando aplicação...
- - - - - - - - - - - - - - - - - - - - - - - -
2026-02-24 10:15:04 [INFO] Realizando leitura da ini (Configurações da API): 
- - - - - - - - - - - - - - - - - - - - - - - -
2026-02-24 10:15:04 [INFO] Aplicação iniciada
- - - - - - - - - - - - - - - - - - - - - - - -
2026-02-24 10:15:04 [INFO] Status do monitoramento: Parado
- - - - - - - - - - - - - - - - - - - - - - - -
2026-02-24 10:16:37 [INFO] Aplicação finalizada
- - - - - - - - - - - - - - - - - - - - - - - -
2026-02-24 10:16:42 [INFO] Iniciando aplicação...
- - - - - - - - - - - - - - - - - - - - - - - -
2026-02-24 10:16:42 [INFO] Aplicação finalizada
- - - - - - - - - - - - - - - - - - - - - - - -
2026-02-24 10:17:17 [INFO] Iniciando aplicação...
- - - - - - - - - - - - - - - - - - - - - - - -
2026-02-24 10:17:17 [INFO] Aplicação finalizada
- - - - - - - - - - - - - - - - - - - - - - - -
2026-02-24 10:17:42 [INFO] Iniciando aplicação...
- - - - - - - - - - - - - - - - - - - - - - - -
2026-02-24 10:17:42 [INFO] Realizando leitura da ini (Configurações da API): 
- - - - - - - - - - - - - - - - - - - - - - - -
2026-02-24 10:17:42 [INFO] Aplicação iniciada
- - - - - - - - - - - - - - - - - - - - - - - -
2026-02-24 10:17:42 [INFO] Status do monitoramento: Parado
- - - - - - - - - - - - - - - - - - - - - - - -
2026-02-24 10:17:53 [INFO] Iniciando aplicação...
- - - - - - - - - - - - - - - - - - - - - - - -
2026-02-24 10:17:53 [INFO] Realizando leitura da ini (Configurações da API): 
- - - - - - - - - - - - - - - - - - - - - - - -
2026-02-24 10:17:53 [INFO] Aplicação iniciada
- - - - - - - - - - - - - - - - - - - - - - - -
2026-02-24 10:17:53 [INFO] Status do monitoramento: Parado
- - - - - - - - - - - - - - - - - - - - - - - -
2026-02-24 10:18:34 [INFO] Iniciando aplicação...
- - - - - - - - - - - - - - - - - - - - - - - -
2026-02-24 10:18:35 [INFO] Realizando leitura da ini (Configurações da API): 
- - - - - - - - - - - - - - - - - - - - - - - -
2026-02-24 10:18:35 [INFO] Aplicação iniciada
- - - - - - - - - - - - - - - - - - - - - - - -
2026-02-24 10:18:35 [INFO] Status do monitoramento: Parado
- - - - - - - - - - - - - - - - - - - - - - - -
2026-02-24 10:18:47 [INFO] Aplicação finalizada
- - - - - - - - - - - - - - - - - - - - - - - -
2026-02-24 10:18:49 [INFO] Aplicação finalizada
- - - - - - - - - - - - - - - - - - - - - - - -
2026-02-24 10:18:50 [INFO] Aplicação finalizada
- - - - - - - - - - - - - - - - - - - - - - - -
2026-02-24 10:18:54 [INFO] Iniciando aplicação...
- - - - - - - - - - - - - - - - - - - - - - - -
2026-02-24 10:18:54 [INFO] Realizando leitura da ini (Configurações da API): 
- - - - - - - - - - - - - - - - - - - - - - - -
2026-02-24 10:18:54 [INFO] Aplicação iniciada
- - - - - - - - - - - - - - - - - - - - - - - -
2026-02-24 10:18:54 [INFO] Status do monitoramento: Parado
- - - - - - - - - - - - - - - - - - - - - - - -
2026-02-24 10:46:07 [INFO] Aplicação finalizada
- - - - - - - - - - - - - - - - - - - - - - - -
2026-02-24 10:46:13 [INFO] Iniciando aplicação...
- - - - - - - - - - - - - - - - - - - - - - - -
2026-02-24 10:46:14 [INFO] Realizando leitura da ini (Configurações da API): 
- - - - - - - - - - - - - - - - - - - - - - - -
2026-02-24 10:46:18 [INFO] Aplicação iniciada
- - - - - - - - - - - - - - - - - - - - - - - -
2026-02-24 10:46:18 [INFO] Status do monitoramento: Parado
- - - - - - - - - - - - - - - - - - - - - - - -
2026-02-24 10:46:31 [INFO] Aplicação finalizada
- - - - - - - - - - - - - - - - - - - - - - - -
2026-02-24 10:46:35 [INFO] Iniciando aplicação...
- - - - - - - - - - - - - - - - - - - - - - - -
2026-02-24 10:46:35 [INFO] Realizando leitura da ini (Configurações da API): 
- - - - - - - - - - - - - - - - - - - - - - - -
2026-02-24 10:46:36 [INFO] Aplicação iniciada
- - - - - - - - - - - - - - - - - - - - - - - -
2026-02-24 10:46:36 [INFO] Status do monitoramento: Parado
- - - - - - - - - - - - - - - - - - - - - - - -
2026-02-24 10:49:27 [INFO] Aplicação finalizada
- - - - - - - - - - - - - - - - - - - - - - - -
2026-02-24 10:49:31 [INFO] Iniciando aplicação...
- - - - - - - - - - - - - - - - - - - - - - - -
2026-02-24 10:49:31 [INFO] Realizando leitura da ini (Configurações da API): 
- - - - - - - - - - - - - - - - - - - - - - - -
2026-02-24 10:49:31 [INFO] Aplicação iniciada
- - - - - - - - - - - - - - - - - - - - - - - -
2026-02-24 10:49:31 [INFO] Status do monitoramento: Parado
- - - - - - - - - - - - - - - - - - - - - - - -
2026-02-24 10:49:35 [INFO] Realizando leitura da ini (Configurações da API): 
- - - - - - - - - - - - - - - - - - - - - - - -
2026-02-24 10:49:38 [INFO] Status do monitoramento: Ativo
- - - - - - - - - - - - - - - - - - - - - - - -
2026-02-24 10:49:58 [INFO] Realizando leitura da ini (Configurações da API): 
- - - - - - - - - - - - - - - - - - - - - - - -
2026-02-24 10:50:02 [INFO] Chamado aberto enviado para API: FirebirdGuardianDefaultInstance
- - - - - - - - - - - - - - - - - - - - - - - -
2026-02-24 10:50:02 [INFO] Realizando leitura da ini (Configurações da API): 
- - - - - - - - - - - - - - - - - - - - - - - -
2026-02-24 10:50:02 [INFO] Chamado aberto para serviço parado: FirebirdGuardianDefaultInstance
- - - - - - - - - - - - - - - - - - - - - - - -
2026-02-24 10:50:48 [INFO] Realizando leitura da ini (Configurações da API): 
- - - - - - - - - - - - - - - - - - - - - - - -
2026-02-24 10:50:49 [INFO] Chamado encerrado enviado para API: FirebirdGuardianDefaultInstance
- - - - - - - - - - - - - - - - - - - - - - - -
2026-02-24 10:50:49 [INFO] Chamado encerrado para serviço normalizado: FirebirdGuardianDefaultInstance
- - - - - - - - - - - - - - - - - - - - - - - -
2026-02-24 10:51:03 [INFO] Realizando leitura da ini (Configurações da API): 
- - - - - - - - - - - - - - - - - - - - - - - -
2026-02-24 10:51:10 [INFO] Aplicação finalizada
- - - - - - - - - - - - - - - - - - - - - - - -
2026-02-24 11:03:00 [INFO] Iniciando aplicação...
- - - - - - - - - - - - - - - - - - - - - - - -
2026-02-24 11:03:03 [INFO] Realizando leitura da ini (Configurações da API): 
- - - - - - - - - - - - - - - - - - - - - - - -
2026-02-24 11:03:03 [INFO] Aplicação iniciada
- - - - - - - - - - - - - - - - - - - - - - - -
2026-02-24 11:03:03 [INFO] Status do monitoramento: Parado
- - - - - - - - - - - - - - - - - - - - - - - -
2026-02-24 11:03:05 [INFO] Realizando leitura da ini (Configurações da API): 
- - - - - - - - - - - - - - - - - - - - - - - -
2026-02-24 11:03:50 [INFO] Aplicação finalizada
- - - - - - - - - - - - - - - - - - - - - - - -
2026-02-24 11:04:18 [INFO] Iniciando aplicação...
- - - - - - - - - - - - - - - - - - - - - - - -
2026-02-24 11:04:19 [INFO] Realizando leitura da ini (Configurações da API): 
- - - - - - - - - - - - - - - - - - - - - - - -
2026-02-24 11:04:19 [INFO] Aplicação iniciada
- - - - - - - - - - - - - - - - - - - - - - - -
2026-02-24 11:04:19 [INFO] Status do monitoramento: Parado
- - - - - - - - - - - - - - - - - - - - - - - -
2026-02-24 11:04:21 [INFO] Realizando leitura da ini (Configurações da API): 
- - - - - - - - - - - - - - - - - - - - - - - -
2026-02-24 11:04:31 [INFO] Iniciando aplicação...
- - - - - - - - - - - - - - - - - - - - - - - -
2026-02-24 11:04:31 [INFO] Realizando leitura da ini (Configurações da API): 
- - - - - - - - - - - - - - - - - - - - - - - -
2026-02-24 11:04:31 [INFO] Aplicação iniciada
- - - - - - - - - - - - - - - - - - - - - - - -
2026-02-24 11:04:31 [INFO] Status do monitoramento: Parado
- - - - - - - - - - - - - - - - - - - - - - - -
2026-02-24 11:05:05 [INFO] Aplicação finalizada
- - - - - - - - - - - - - - - - - - - - - - - -
2026-02-24 11:05:12 [INFO] Aplicação finalizada
- - - - - - - - - - - - - - - - - - - - - - - -
2026-02-24 11:05:15 [INFO] Iniciando aplicação...
- - - - - - - - - - - - - - - - - - - - - - - -
2026-02-24 11:05:16 [INFO] Realizando leitura da ini (Banco de dados): 
- - - - - - - - - - - - - - - - - - - - - - - -
2026-02-24 11:05:16 [INFO] Database configurado: esadb em 192.168.15.14:5432
- - - - - - - - - - - - - - - - - - - - - - - -
2026-02-24 11:05:16 [INFO] Iniciando conexão com banco de dados
- - - - - - - - - - - - - - - - - - - - - - - -
2026-02-24 11:05:37 [INFO] Aplicação finalizada
- - - - - - - - - - - - - - - - - - - - - - - -
2026-02-24 11:06:42 [INFO] Iniciando aplicação...
- - - - - - - - - - - - - - - - - - - - - - - -
2026-02-24 11:06:42 [INFO] Realizando leitura da ini (Banco de dados): 
- - - - - - - - - - - - - - - - - - - - - - - -
2026-02-24 11:06:42 [INFO] Database configurado: esadb em 192.168.15.14:5432
- - - - - - - - - - - - - - - - - - - - - - - -
2026-02-24 11:06:42 [INFO] Iniciando conexão com banco de dados
- - - - - - - - - - - - - - - - - - - - - - - -
2026-02-24 11:07:03 [INFO] Aplicação finalizada
- - - - - - - - - - - - - - - - - - - - - - - -
2026-02-24 11:16:14 [INFO] Iniciando aplicação...
- - - - - - - - - - - - - - - - - - - - - - - -
2026-02-24 11:16:14 [INFO] Realizando leitura da ini (Banco de dados): 
- - - - - - - - - - - - - - - - - - - - - - - -
2026-02-24 11:16:14 [INFO] Database configurado: esadb em 192.168.15.28:5432
- - - - - - - - - - - - - - - - - - - - - - - -
2026-02-24 11:16:14 [INFO] Iniciando conexão com banco de dados
- - - - - - - - - - - - - - - - - - - - - - - -
2026-02-24 11:16:14 [INFO] Aplicação finalizada
- - - - - - - - - - - - - - - - - - - - - - - -
2026-02-24 11:18:31 [INFO] Iniciando aplicação...
- - - - - - - - - - - - - - - - - - - - - - - -
2026-02-24 11:18:31 [INFO] Realizando leitura da ini (Banco de dados): 
- - - - - - - - - - - - - - - - - - - - - - - -
2026-02-24 11:18:31 [INFO] Database configurado: esadb em 192.168.15.28:5432
- - - - - - - - - - - - - - - - - - - - - - - -
2026-02-24 11:18:31 [INFO] Iniciando conexão com banco de dados
- - - - - - - - - - - - - - - - - - - - - - - -
2026-02-24 11:18:31 [INFO] Aplicação finalizada
- - - - - - - - - - - - - - - - - - - - - - - -
2026-02-24 11:18:35 [INFO] Iniciando aplicação...
- - - - - - - - - - - - - - - - - - - - - - - -
2026-02-24 11:18:35 [INFO] Realizando leitura da ini (Banco de dados): 
- - - - - - - - - - - - - - - - - - - - - - - -
2026-02-24 11:18:35 [INFO] Database configurado: esadb em 192.168.15.28:5432
- - - - - - - - - - - - - - - - - - - - - - - -
2026-02-24 11:18:35 [INFO] Iniciando conexão com banco de dados
- - - - - - - - - - - - - - - - - - - - - - - -
2026-02-24 11:18:35 [INFO] Aplicação finalizada
- - - - - - - - - - - - - - - - - - - - - - - -
2026-02-24 11:19:01 [INFO] Iniciando aplicação...
- - - - - - - - - - - - - - - - - - - - - - - -
2026-02-24 11:19:01 [INFO] Realizando leitura da ini (Banco de dados): 
- - - - - - - - - - - - - - - - - - - - - - - -
2026-02-24 11:19:01 [INFO] Database configurado: esadb em 192.168.15.28:5432
- - - - - - - - - - - - - - - - - - - - - - - -
2026-02-24 11:19:01 [INFO] Iniciando conexão com banco de dados
- - - - - - - - - - - - - - - - - - - - - - - -
2026-02-24 11:19:01 [INFO] Realizando leitura da ini (Configurações da API): 
- - - - - - - - - - - - - - - - - - - - - - - -
2026-02-24 11:19:01 [INFO] Aplicação iniciada
- - - - - - - - - - - - - - - - - - - - - - - -
2026-02-24 11:19:01 [INFO] Status do monitoramento: Parado
- - - - - - - - - - - - - - - - - - - - - - - -
2026-02-24 11:19:13 [INFO] Realizando leitura da ini (Configurações da API): 
- - - - - - - - - - - - - - - - - - - - - - - -
2026-02-24 11:23:49 [INFO] Aplicação finalizada
- - - - - - - - - - - - - - - - - - - - - - - -
2026-02-24 11:38:43 [INFO] Iniciando aplicação...
- - - - - - - - - - - - - - - - - - - - - - - -
2026-02-24 11:38:43 [INFO] Realizando leitura da ini (Banco de dados): 
- - - - - - - - - - - - - - - - - - - - - - - -
2026-02-24 11:38:43 [INFO] Database configurado: esadb em 192.168.15.28:5432
- - - - - - - - - - - - - - - - - - - - - - - -
2026-02-24 11:38:43 [INFO] Iniciando conexão com banco de dados
- - - - - - - - - - - - - - - - - - - - - - - -
2026-02-24 11:38:44 [INFO] Realizando leitura da ini (Configurações da API): 
- - - - - - - - - - - - - - - - - - - - - - - -
2026-02-24 11:38:44 [INFO] Aplicação iniciada
- - - - - - - - - - - - - - - - - - - - - - - -
2026-02-24 11:38:44 [INFO] Status do monitoramento: Parado
- - - - - - - - - - - - - - - - - - - - - - - -
2026-02-24 11:38:47 [INFO] Realizando leitura da ini (Configurações da API): 
- - - - - - - - - - - - - - - - - - - - - - - -
2026-02-24 11:39:05 [INFO] Status do monitoramento: Ativo
- - - - - - - - - - - - - - - - - - - - - - - -
2026-02-24 11:39:10 [INFO] Realizando leitura da ini (Configurações da API): 
- - - - - - - - - - - - - - - - - - - - - - - -
2026-02-24 11:39:22 [INFO] Realizando alteração da INI (Configurações da API): 
- - - - - - - - - - - - - - - - - - - - - - - -
2026-02-24 11:39:23 [INFO] Realizando leitura da ini (Configurações da API): 
- - - - - - - - - - - - - - - - - - - - - - - -
2026-02-24 11:39:35 [INFO] Realizando leitura da ini (Configurações da API): 
- - - - - - - - - - - - - - - - - - - - - - - -
2026-02-24 11:39:38 [INFO] Chamado aberto enviado para API: FirebirdGuardianDefaultInstance
- - - - - - - - - - - - - - - - - - - - - - - -
2026-02-24 11:39:38 [INFO] Realizando leitura da ini (Configurações da API): 
- - - - - - - - - - - - - - - - - - - - - - - -
2026-02-24 11:39:38 [INFO] Chamado aberto para serviço parado: FirebirdGuardianDefaultInstance
- - - - - - - - - - - - - - - - - - - - - - - -
2026-02-24 11:40:15 [INFO] Status do monitoramento: Parado
- - - - - - - - - - - - - - - - - - - - - - - -
2026-02-24 11:40:18 [INFO] Status do monitoramento: Ativo
- - - - - - - - - - - - - - - - - - - - - - - -
2026-02-24 11:40:28 [INFO] Realizando leitura da ini (Configurações da API): 
- - - - - - - - - - - - - - - - - - - - - - - -
2026-02-24 11:40:33 [INFO] Chamado encerrado enviado para API: FirebirdGuardianDefaultInstance
- - - - - - - - - - - - - - - - - - - - - - - -
2026-02-24 11:40:33 [INFO] Chamado encerrado para serviço normalizado: FirebirdGuardianDefaultInstance
- - - - - - - - - - - - - - - - - - - - - - - -
2026-02-24 11:40:45 [INFO] Status do monitoramento: Parado
- - - - - - - - - - - - - - - - - - - - - - - -
2026-02-24 11:40:46 [INFO] Status do monitoramento: Ativo
- - - - - - - - - - - - - - - - - - - - - - - -
2026-02-24 11:40:56 [INFO] Realizando leitura da ini (Configurações da API): 
- - - - - - - - - - - - - - - - - - - - - - - -
2026-02-24 11:40:57 [INFO] Chamado aberto enviado para API: FirebirdGuardianDefaultInstance
- - - - - - - - - - - - - - - - - - - - - - - -
2026-02-24 11:40:57 [INFO] Realizando leitura da ini (Configurações da API): 
- - - - - - - - - - - - - - - - - - - - - - - -
2026-02-24 11:40:57 [INFO] Chamado aberto para serviço parado: FirebirdGuardianDefaultInstance
- - - - - - - - - - - - - - - - - - - - - - - -
2026-02-24 11:45:56 [INFO] Aplicação finalizada
- - - - - - - - - - - - - - - - - - - - - - - -
2026-02-24 11:46:06 [INFO] Iniciando aplicação...
- - - - - - - - - - - - - - - - - - - - - - - -
2026-02-24 11:46:06 [INFO] Realizando leitura da ini (Banco de dados): 
- - - - - - - - - - - - - - - - - - - - - - - -
2026-02-24 11:46:06 [INFO] Database configurado: esadb em 192.168.15.28:5432
- - - - - - - - - - - - - - - - - - - - - - - -
2026-02-24 11:46:06 [INFO] Iniciando conexão com banco de dados
- - - - - - - - - - - - - - - - - - - - - - - -
2026-02-24 11:46:06 [INFO] Realizando leitura da ini (Configurações da API): 
- - - - - - - - - - - - - - - - - - - - - - - -
2026-02-24 11:46:06 [INFO] Aplicação iniciada
- - - - - - - - - - - - - - - - - - - - - - - -
2026-02-24 11:46:06 [INFO] Status do monitoramento: Parado
- - - - - - - - - - - - - - - - - - - - - - - -
2026-02-24 11:46:10 [INFO] Status do monitoramento: Ativo
- - - - - - - - - - - - - - - - - - - - - - - -
2026-02-24 11:46:30 [INFO] Realizando leitura da ini (Configurações da API): 
- - - - - - - - - - - - - - - - - - - - - - - -
2026-02-24 11:46:33 [INFO] Chamado aberto enviado para API: FirebirdGuardianDefaultInstance
- - - - - - - - - - - - - - - - - - - - - - - -
2026-02-24 11:46:33 [INFO] Nome da estação: 
- - - - - - - - - - - - - - - - - - - - - - - -
2026-02-24 11:46:33 [INFO] Realizando leitura da ini (Configurações da API): 
- - - - - - - - - - - - - - - - - - - - - - - -
2026-02-24 11:46:33 [INFO] Chamado aberto para serviço parado: FirebirdGuardianDefaultInstance
- - - - - - - - - - - - - - - - - - - - - - - -
2026-02-24 11:54:32 [INFO] Aplicação finalizada
- - - - - - - - - - - - - - - - - - - - - - - -
2026-02-24 11:54:36 [INFO] Iniciando aplicação...
- - - - - - - - - - - - - - - - - - - - - - - -
2026-02-24 11:54:36 [INFO] Realizando leitura da ini (Banco de dados): 
- - - - - - - - - - - - - - - - - - - - - - - -
2026-02-24 11:54:36 [INFO] Database configurado: esadb em 192.168.15.28:5432
- - - - - - - - - - - - - - - - - - - - - - - -
2026-02-24 11:54:36 [INFO] Iniciando conexão com banco de dados
- - - - - - - - - - - - - - - - - - - - - - - -
2026-02-24 11:54:36 [INFO] Realizando leitura da ini (Configurações da API): 
- - - - - - - - - - - - - - - - - - - - - - - -
2026-02-24 11:54:36 [INFO] Aplicação iniciada
- - - - - - - - - - - - - - - - - - - - - - - -
2026-02-24 11:54:36 [INFO] Status do monitoramento: Parado
- - - - - - - - - - - - - - - - - - - - - - - -
2026-02-24 11:54:38 [INFO] Status do monitoramento: Ativo
- - - - - - - - - - - - - - - - - - - - - - - -
2026-02-24 11:54:48 [INFO] Realizando leitura da ini (Configurações da API): 
- - - - - - - - - - - - - - - - - - - - - - - -
2026-02-24 11:54:51 [INFO] Chamado aberto enviado para API: FirebirdGuardianDefaultInstance
- - - - - - - - - - - - - - - - - - - - - - - -
2026-02-24 11:54:51 [INFO] Realizando alteração da INI (Configurações da estação): 
- - - - - - - - - - - - - - - - - - - - - - - -
2026-02-24 11:54:51 [INFO] Nome da estação: PC_EDUARDO
- - - - - - - - - - - - - - - - - - - - - - - -
2026-02-24 11:54:51 [INFO] Realizando leitura da ini (Configurações da API): 
- - - - - - - - - - - - - - - - - - - - - - - -
2026-02-24 11:54:51 [INFO] Chamado aberto para serviço parado: FirebirdGuardianDefaultInstance
- - - - - - - - - - - - - - - - - - - - - - - -
2026-02-24 12:00:51 [INFO] Aplicação finalizada
- - - - - - - - - - - - - - - - - - - - - - - -
2026-02-24 12:00:55 [INFO] Realizando alteração da INI (Configurações da estação): 
- - - - - - - - - - - - - - - - - - - - - - - -
2026-02-24 12:01:04 [INFO] Inserindo nome estação monitorada: PC_EDUARDO
- - - - - - - - - - - - - - - - - - - - - - - -
2026-02-24 12:01:04 [INFO] Iniciando aplicação...
- - - - - - - - - - - - - - - - - - - - - - - -
2026-02-24 12:01:04 [INFO] Realizando leitura da ini (Banco de dados): 
- - - - - - - - - - - - - - - - - - - - - - - -
2026-02-24 12:01:04 [INFO] Database configurado: esadb em 192.168.15.28:5432
- - - - - - - - - - - - - - - - - - - - - - - -
2026-02-24 12:01:04 [INFO] Iniciando conexão com banco de dados
- - - - - - - - - - - - - - - - - - - - - - - -
2026-02-24 12:01:04 [INFO] Realizando leitura da ini (Configurações da API): 
- - - - - - - - - - - - - - - - - - - - - - - -
2026-02-24 12:01:04 [INFO] Aplicação iniciada
- - - - - - - - - - - - - - - - - - - - - - - -
2026-02-24 12:01:04 [INFO] Status do monitoramento: Parado
- - - - - - - - - - - - - - - - - - - - - - - -
2026-02-24 12:01:21 [INFO] Aplicação finalizada
- - - - - - - - - - - - - - - - - - - - - - - -
2026-02-24 12:01:23 [INFO] Realizando alteração da INI (Configurações da estação): 
- - - - - - - - - - - - - - - - - - - - - - - -
2026-02-24 12:01:23 [INFO] Iniciando aplicação...
- - - - - - - - - - - - - - - - - - - - - - - -
2026-02-24 12:01:23 [INFO] Realizando leitura da ini (Banco de dados): 
- - - - - - - - - - - - - - - - - - - - - - - -
2026-02-24 12:01:23 [INFO] Database configurado: esadb em 192.168.15.28:5432
- - - - - - - - - - - - - - - - - - - - - - - -
2026-02-24 12:01:23 [INFO] Iniciando conexão com banco de dados
- - - - - - - - - - - - - - - - - - - - - - - -
2026-02-24 12:01:23 [INFO] Realizando leitura da ini (Configurações da API): 
- - - - - - - - - - - - - - - - - - - - - - - -
2026-02-24 12:01:23 [INFO] Aplicação iniciada
- - - - - - - - - - - - - - - - - - - - - - - -
2026-02-24 12:01:23 [INFO] Status do monitoramento: Parado
- - - - - - - - - - - - - - - - - - - - - - - -
2026-02-24 12:13:35 [INFO] Aplicação finalizada
- - - - - - - - - - - - - - - - - - - - - - - -
2026-02-24 12:13:39 [INFO] Realizando alteração da INI (Configurações da estação): 
- - - - - - - - - - - - - - - - - - - - - - - -
2026-02-24 12:13:39 [INFO] Iniciando aplicação...
- - - - - - - - - - - - - - - - - - - - - - - -
2026-02-24 12:13:39 [INFO] Realizando leitura da ini (Banco de dados): 
- - - - - - - - - - - - - - - - - - - - - - - -
2026-02-24 12:13:39 [INFO] Database configurado: esadb em 192.168.15.28:5432
- - - - - - - - - - - - - - - - - - - - - - - -
2026-02-24 12:13:39 [INFO] Iniciando conexão com banco de dados
- - - - - - - - - - - - - - - - - - - - - - - -
2026-02-24 12:13:39 [INFO] Realizando leitura da ini (Configurações da API): 
- - - - - - - - - - - - - - - - - - - - - - - -
2026-02-24 12:13:40 [INFO] Aplicação iniciada
- - - - - - - - - - - - - - - - - - - - - - - -
2026-02-24 12:13:40 [INFO] Status do monitoramento: Parado
- - - - - - - - - - - - - - - - - - - - - - - -
2026-02-24 12:13:42 [INFO] Status do monitoramento: Ativo
- - - - - - - - - - - - - - - - - - - - - - - -
2026-02-24 12:14:12 [INFO] Realizando leitura da ini (Configurações da API): 
- - - - - - - - - - - - - - - - - - - - - - - -
2026-02-24 12:14:12 [INFO] Realizando alteração da INI (Configurações da estação): 
- - - - - - - - - - - - - - - - - - - - - - - -
2026-02-24 12:14:15 [INFO] Chamado aberto enviado para API: FirebirdGuardianDefaultInstance
- - - - - - - - - - - - - - - - - - - - - - - -
2026-02-24 12:14:15 [INFO] Realizando alteração da INI (Configurações da estação): 
- - - - - - - - - - - - - - - - - - - - - - - -
2026-02-24 12:14:15 [INFO] Nome da estação: PC_EDUARDO
- - - - - - - - - - - - - - - - - - - - - - - -
2026-02-24 12:14:15 [INFO] Realizando leitura da ini (Configurações da API): 
- - - - - - - - - - - - - - - - - - - - - - - -
2026-02-24 12:14:15 [INFO] Chamado aberto para serviço parado: FirebirdGuardianDefaultInstance
- - - - - - - - - - - - - - - - - - - - - - - -
2026-02-24 12:14:32 [INFO] Aplicação finalizada
- - - - - - - - - - - - - - - - - - - - - - - -
